// Jest Snapshot v1, https://goo.gl/fbAQLP

exports[`<App /> should render correctly 1`] = `
<DocumentFragment>
  <div
    class="css-1amrwrf"
  >
    <button
      class="chakra-button css-aev8ym"
      data-testid="modal-term-conditions-button"
      type="button"
    >
      Terms & Conditions
    </button>
  </div>
  <span
    hidden=""
    id="__chakra_env"
  />
</DocumentFragment>
`;
