// Jest Snapshot v1, https://goo.gl/fbAQLP

exports[`<DetailsReview /> should render correctly 1`] = `
Object {
  "asFragment": [Function],
  "baseElement": <body
    class="chakra-ui-light"
  >
    <div>
      <div
        class="css-13brihr"
        data-testid="button-box"
      >
        <div
          class="css-1i64jsd"
        >
          <p
            class="chakra-text css-psqrpk"
            data-testid="details-review-title"
          >
            Datails Review
          </p>
        </div>
        <div
          class="css-0"
        >
          <div
            class="css-0"
          >
            <div
              class="css-gg4vpm"
              data-testid="details-review-detail-0"
            >
              <p
                class="chakra-text css-9s6br4"
              >
                Account to revoke rol
              </p>
              <div
                class="chakra-stack css-1c8ysgd"
              >
                <p
                  class="chakra-text css-mgupmj"
                >
                  0.0.734953
                </p>
              </div>
            </div>
            <hr
              aria-orientation="horizontal"
              class="chakra-divider css-zaaihy"
              title="divider"
            />
          </div>
          <div
            class="css-0"
          >
            <div
              class="css-gg4vpm"
              data-testid="details-review-detail-1"
            >
              <p
                class="chakra-text css-9s6br4"
              >
                Role to revoke
              </p>
              <div
                class="chakra-stack css-9qi64u"
              >
                <p
                  class="chakra-text css-mgupmj"
                >
                  Rescuer
                </p>
              </div>
            </div>
          </div>
        </div>
      </div>
      <span
        hidden=""
        id="__chakra_env"
      />
    </div>
    <div
      class="chakra-portal"
    >
      <div
        aria-live="polite"
        id="chakra-toast-manager-top"
        role="region"
        style="position: fixed; z-index: var(--toast-z-index, 5500); pointer-events: none; display: flex; flex-direction: column; margin: 0px auto;"
      />
      <div
        aria-live="polite"
        id="chakra-toast-manager-top-left"
        role="region"
        style="position: fixed; z-index: var(--toast-z-index, 5500); pointer-events: none; display: flex; flex-direction: column;"
      />
      <div
        aria-live="polite"
        id="chakra-toast-manager-top-right"
        role="region"
        style="position: fixed; z-index: var(--toast-z-index, 5500); pointer-events: none; display: flex; flex-direction: column;"
      />
      <div
        aria-live="polite"
        id="chakra-toast-manager-bottom-left"
        role="region"
        style="position: fixed; z-index: var(--toast-z-index, 5500); pointer-events: none; display: flex; flex-direction: column;"
      />
      <div
        aria-live="polite"
        id="chakra-toast-manager-bottom"
        role="region"
        style="position: fixed; z-index: var(--toast-z-index, 5500); pointer-events: none; display: flex; flex-direction: column; margin: 0px auto;"
      />
      <div
        aria-live="polite"
        id="chakra-toast-manager-bottom-right"
        role="region"
        style="position: fixed; z-index: var(--toast-z-index, 5500); pointer-events: none; display: flex; flex-direction: column;"
      />
    </div>
  </body>,
  "container": <div>
    <div
      class="css-13brihr"
      data-testid="button-box"
    >
      <div
        class="css-1i64jsd"
      >
        <p
          class="chakra-text css-psqrpk"
          data-testid="details-review-title"
        >
          Datails Review
        </p>
      </div>
      <div
        class="css-0"
      >
        <div
          class="css-0"
        >
          <div
            class="css-gg4vpm"
            data-testid="details-review-detail-0"
          >
            <p
              class="chakra-text css-9s6br4"
            >
              Account to revoke rol
            </p>
            <div
              class="chakra-stack css-1c8ysgd"
            >
              <p
                class="chakra-text css-mgupmj"
              >
                0.0.734953
              </p>
            </div>
          </div>
          <hr
            aria-orientation="horizontal"
            class="chakra-divider css-zaaihy"
            title="divider"
          />
        </div>
        <div
          class="css-0"
        >
          <div
            class="css-gg4vpm"
            data-testid="details-review-detail-1"
          >
            <p
              class="chakra-text css-9s6br4"
            >
              Role to revoke
            </p>
            <div
              class="chakra-stack css-9qi64u"
            >
              <p
                class="chakra-text css-mgupmj"
              >
                Rescuer
              </p>
            </div>
          </div>
        </div>
      </div>
    </div>
    <span
      hidden=""
      id="__chakra_env"
    />
  </div>,
  "debug": [Function],
  "findAllByAltText": [Function],
  "findAllByDisplayValue": [Function],
  "findAllByLabelText": [Function],
  "findAllByPlaceholderText": [Function],
  "findAllByRole": [Function],
  "findAllByTestId": [Function],
  "findAllByText": [Function],
  "findAllByTitle": [Function],
  "findByAltText": [Function],
  "findByDisplayValue": [Function],
  "findByLabelText": [Function],
  "findByPlaceholderText": [Function],
  "findByRole": [Function],
  "findByTestId": [Function],
  "findByText": [Function],
  "findByTitle": [Function],
  "getAllByAltText": [Function],
  "getAllByDisplayValue": [Function],
  "getAllByLabelText": [Function],
  "getAllByPlaceholderText": [Function],
  "getAllByRole": [Function],
  "getAllByTestId": [Function],
  "getAllByText": [Function],
  "getAllByTitle": [Function],
  "getByAltText": [Function],
  "getByDisplayValue": [Function],
  "getByLabelText": [Function],
  "getByPlaceholderText": [Function],
  "getByRole": [Function],
  "getByTestId": [Function],
  "getByText": [Function],
  "getByTitle": [Function],
  "queryAllByAltText": [Function],
  "queryAllByDisplayValue": [Function],
  "queryAllByLabelText": [Function],
  "queryAllByPlaceholderText": [Function],
  "queryAllByRole": [Function],
  "queryAllByTestId": [Function],
  "queryAllByText": [Function],
  "queryAllByTitle": [Function],
  "queryByAltText": [Function],
  "queryByDisplayValue": [Function],
  "queryByLabelText": [Function],
  "queryByPlaceholderText": [Function],
  "queryByRole": [Function],
  "queryByTestId": [Function],
  "queryByText": [Function],
  "queryByTitle": [Function],
  "rerender": [Function],
  "unmount": [Function],
}
`;
