// Jest Snapshot v1, https://goo.gl/fbAQLP

exports[`<KeySelector /> should render correctly 1`] = `
<DocumentFragment>
  <div
    class="chakra-stack css-tl3ftk"
  />
  <span
    hidden=""
    id="__chakra_env"
  />
</DocumentFragment>
`;

exports[`<KeySelector /> should render correctly with sentences 1`] = `
<DocumentFragment>
  <div
    class="chakra-stack css-tl3ftk"
  />
  <span
    hidden=""
    id="__chakra_env"
  />
</DocumentFragment>
`;
