// Jest Snapshot v1, https://goo.gl/fbAQLP

exports[`<ModalHashpack /> should render correctly 1`] = `
<DocumentFragment>
  <div
    class="css-1e9z5ru"
  >
    <img
      alt="Hedera logo"
      class="chakra-image css-6cymbs"
      data-testid="hedera-logo"
      src="hedera-hbar-logo.svg"
    />
    <p
      class="chakra-text css-q6jngl"
      data-testid="modal-hashpack-title"
    >
      Hashpack extension is not installed yet
    </p>
    <p
      class="chakra-text css-zxkbt5"
      data-testid="modal-hashpack-description"
    >
      Click on the button bellow to download the extension.
    </p>
    <a
      class="chakra-link css-13jvj27"
      data-testid="modal-hashpack-link"
      href="https://www.hashpack.app/download"
      rel="noopener"
      target="_blank"
    >
      <button
        class="chakra-button css-1178n6s"
        data-testid="modal-hashpack-button"
        type="button"
      >
        Download Hashpack
      </button>
    </a>
  </div>
  <span
    hidden=""
    id="__chakra_env"
  />
</DocumentFragment>
`;
