// Jest Snapshot v1, https://goo.gl/fbAQLP

exports[`<CoinDropdown /> should render correctly 1`] = `
<DocumentFragment>
  <div
    class="css-1rc4l3d"
    data-testid="coin-dropdown"
  >
    <div
      class="chakra-stack css-1h0sumw"
    >
      <div
        class="chakra-form-control css-1kxonj9"
        data-testid="form_control"
        role="group"
      >
        <span
          data-testid="select-placeholder"
        >
          0.0.48471242 - MCC2 
        </span>
        <select
          data-testid="select-coin-dropdown"
        />
      </div>
    </div>
  </div>
  <span
    hidden=""
    id="__chakra_env"
  />
</DocumentFragment>
`;
