// Jest Snapshot v1, https://goo.gl/fbAQLP

exports[`<CoinDropdown /> should render correctly 1`] = `
<DocumentFragment>
  <div
    class="css-1hg55h3"
    data-testid="coin-dropdown"
  >
    <div
      class="chakra-stack css-1h0sumw"
    >
      <div
        class="chakra-form-control css-1kxonj9"
        data-testid="form_control"
        role="group"
      >
        <span
          data-testid="select-placeholder"
        >
          <span
            class="css-1f43avz-a11yText-A11yText"
            id="react-select-2-live-region"
          />
          <span
            aria-atomic="false"
            aria-live="polite"
            aria-relevant="additions text"
            class="css-1f43avz-a11yText-A11yText"
          />
          <div
            class=" css-1ugyojt"
          >
            0.0.13234 - EXP
          </option>
        </select>
      </div>
    </div>
  </div>
  <span
    hidden=""
    id="__chakra_env"
  />
</DocumentFragment>
`;
