// Jest Snapshot v1, https://goo.gl/fbAQLP

exports[`<CoinDropdown /> should render correctly 1`] = `
<DocumentFragment>
  <div
    class="css-1rc4l3d"
    data-testid="coin-dropdown"
  >
    <div
      class="chakra-stack css-1h0sumw"
    >
      <div
        class="chakra-form-control css-1kxonj9"
        data-testid="form_control"
        role="group"
      >
        <span
          data-testid="select-placeholder"
        >
          0.0.49319786 - TEST 
        </span>
        <select
          data-testid="select-coin-dropdown"
        >
          <option
            value="0.0.123"
          >
            0.0.123 - HBAR
          </option>
          <option
            value="0.0.13234"
          >
            0.0.13234 - EXP
          </option>
          <option
            value="0.0.48451290"
          >
            0.0.48451290 - MCC
          </option>
          <option
            value="0.0.48471242"
          >
            0.0.48471242 - MCC2
          </option>
          <option
            value="0.0.48478857"
          >
            0.0.48478857 - MCC3
          </option>
        </select>
      </div>
    </div>
  </div>
  <span
    hidden=""
    id="__chakra_env"
  />
</DocumentFragment>
`;
