// Jest Snapshot v1, https://goo.gl/fbAQLP

exports[`<StableCoinDetails /> should render correctly 1`] = `
<DocumentFragment>
  <div
    class="chakra-stack css-16oka5y"
  >
    <h2
      class="chakra-heading css-bqsusc"
      data-testid="base-container-heading"
    >
      Stable coin details
    </h2>
    <div
      class="css-1b6lda7"
      data-testid="base-container-children"
    >
      <div
        class="css-t23vsm"
      >
        <div
          class="css-ezt3jl"
        >
          <div
            class="css-13brihr"
          >
            <p
              class="chakra-text css-6qs4y"
              data-testid="details-review-title"
            >
              Basic information
            </p>
            <div
              class="css-0"
            >
              <div
                class="css-0"
              >
                <div
                  class="css-3fqpsw"
                  data-testid="details-review-detail-0"
                >
                  <p
                    class="chakra-text css-9s6br4"
                  >
                    Token id
                  </p>
                  0.0.49319786
                </div>
                <hr
                  aria-orientation="horizontal"
                  class="chakra-divider css-zaaihy"
                  title="divider"
                />
              </div>
              <div
                class="css-0"
              >
                <div
                  class="css-3fqpsw"
                  data-testid="details-review-detail-1"
                >
                  <p
                    class="chakra-text css-9s6br4"
                  >
                    Name
                  </p>
                  <div
                    class="chakra-stack css-1c8ysgd"
                  >
                    <p
                      class="chakra-text css-mgupmj"
                    >
                      TEST_ACCELERATOR_SC
                    </p>
                  </div>
                </div>
                <hr
                  aria-orientation="horizontal"
                  class="chakra-divider css-zaaihy"
                  title="divider"
                />
              </div>
              <div
                class="css-0"
              >
                <div
                  class="css-3fqpsw"
                  data-testid="details-review-detail-2"
                >
                  <p
                    class="chakra-text css-9s6br4"
                  >
                    Symbol
                  </p>
                  <div
                    class="chakra-stack css-1c8ysgd"
                  >
                    <p
                      class="chakra-text css-mgupmj"
                    >
                      TEST
                    </p>
                  </div>
                </div>
                <hr
                  aria-orientation="horizontal"
                  class="chakra-divider css-zaaihy"
                  title="divider"
                />
              </div>
              <div
                class="css-0"
              >
                <div
                  class="css-3fqpsw"
                  data-testid="details-review-detail-3"
                >
                  <p
                    class="chakra-text css-9s6br4"
                  >
                    Decimals
                  </p>
                  <div
                    class="chakra-stack css-1c8ysgd"
                  >
                    <p
                      class="chakra-text css-mgupmj"
                    >
                      6
                    </p>
                  </div>
                </div>
                <hr
                  aria-orientation="horizontal"
                  class="chakra-divider css-zaaihy"
                  title="divider"
                />
              </div>
              <div
                class="css-0"
              >
                <div
                  class="css-3fqpsw"
                  data-testid="details-review-detail-4"
                >
                  <p
                    class="chakra-text css-9s6br4"
                  >
                    Initial supply
                  </p>
                  <div
                    class="chakra-stack css-1c8ysgd"
                  >
                    <p
                      class="chakra-text css-mgupmj"
                    >
                      1000
                    </p>
                  </div>
                </div>
                <hr
                  aria-orientation="horizontal"
                  class="chakra-divider css-zaaihy"
                  title="divider"
                />
              </div>
              <div
                class="css-0"
              >
                <div
                  class="css-3fqpsw"
                  data-testid="details-review-detail-5"
                >
                  <p
                    class="chakra-text css-9s6br4"
                  >
                    Total supply
                  </p>
                  <div
                    class="chakra-stack css-1c8ysgd"
                  >
                    <p
                      class="chakra-text css-mgupmj"
                    >
                      1000
                    </p>
                  </div>
                </div>
                <hr
                  aria-orientation="horizontal"
                  class="chakra-divider css-zaaihy"
                  title="divider"
                />
              </div>
              <div
                class="css-0"
              >
                <div
                  class="css-3fqpsw"
                  data-testid="details-review-detail-6"
                >
                  <p
                    class="chakra-text css-9s6br4"
                  >
                    Max supply
                  </p>
                  <div
                    class="chakra-stack css-1c8ysgd"
                  >
                    <p
                      class="chakra-text css-mgupmj"
                    >
                      INFINITE
                    </p>
                  </div>
                </div>
                <hr
                  aria-orientation="horizontal"
                  class="chakra-divider css-zaaihy"
                  title="divider"
                />
              </div>
              <div
                class="css-0"
              >
                <div
                  class="css-3fqpsw"
                  data-testid="details-review-detail-7"
                >
                  <p
                    class="chakra-text css-9s6br4"
                  >
                    Treasury
                  </p>
                  0.0.49319785
                </div>
                <hr
                  aria-orientation="horizontal"
                  class="chakra-divider css-zaaihy"
                  title="divider"
                />
              </div>
              <div
                class="css-0"
              >
                <div
                  class="css-3fqpsw"
                  data-testid="details-review-detail-8"
                >
                  <p
                    class="chakra-text css-9s6br4"
                  >
                    Autorenew account
                  </p>
                  0.0.49071854
                </div>
                <hr
                  aria-orientation="horizontal"
                  class="chakra-divider css-zaaihy"
                  title="divider"
                />
              </div>
              <div
                class="css-0"
              >
                <div
                  class="css-3fqpsw"
                  data-testid="details-review-detail-9"
                >
                  <p
                    class="chakra-text css-9s6br4"
                  >
                    Proxy Address
                  </p>
                  0.0.49319785
                </div>
                <hr
                  aria-orientation="horizontal"
                  class="chakra-divider css-zaaihy"
                  title="divider"
                />
              </div>
              <div
                class="css-0"
              >
                <div
                  class="css-3fqpsw"
                  data-testid="details-review-detail-10"
                >
                  <p
                    class="chakra-text css-9s6br4"
                  >
                    Paused
                  </p>
                  <div
                    class="chakra-stack css-1c8ysgd"
                  >
                    <p
                      class="chakra-text css-mgupmj"
                    >
                      FALSE
                    </p>
                  </div>
                </div>
                <hr
                  aria-orientation="horizontal"
                  class="chakra-divider css-zaaihy"
                  title="divider"
                />
              </div>
              <div
                class="css-0"
              >
                <div
                  class="css-3fqpsw"
                  data-testid="details-review-detail-11"
                >
                  <p
                    class="chakra-text css-9s6br4"
                  >
                    Deleted
                  </p>
                  <div
                    class="chakra-stack css-1c8ysgd"
                  >
                    <p
                      class="chakra-text css-mgupmj"
                    >
                      FALSE
                    </p>
                  </div>
                </div>
                <hr
                  aria-orientation="horizontal"
                  class="chakra-divider css-zaaihy"
                  title="divider"
                />
              </div>
              <div
                class="css-0"
              >
                <div
                  class="css-3fqpsw"
                  data-testid="details-review-detail-12"
                >
                  <p
                    class="chakra-text css-9s6br4"
                  >
                    Admin key
                  </p>
                  <div
                    class="chakra-stack css-1c8ysgd"
                  >
                    <p
                      class="chakra-text css-mgupmj"
                    >
                      SMART CONTRACT
                    </p>
                  </div>
                </div>
                <hr
                  aria-orientation="horizontal"
                  class="chakra-divider css-zaaihy"
                  title="divider"
                />
              </div>
              <div
                class="css-0"
              >
                <div
                  class="css-3fqpsw"
                  data-testid="details-review-detail-13"
                >
                  <p
                    class="chakra-text css-9s6br4"
                  >
                    KYC key
                  </p>
                  <div
                    class="chakra-stack css-1c8ysgd"
                  >
                    <p
                      class="chakra-text css-mgupmj"
                    >
                      NONE
                    </p>
                  </div>
                </div>
                <hr
                  aria-orientation="horizontal"
                  class="chakra-divider css-zaaihy"
                  title="divider"
                />
              </div>
              <div
                class="css-0"
              >
                <div
                  class="css-3fqpsw"
                  data-testid="details-review-detail-14"
                >
                  <p
                    class="chakra-text css-9s6br4"
                  >
                    Freeze key
                  </p>
                  <div
                    class="chakra-stack css-1c8ysgd"
                  >
                    <p
                      class="chakra-text css-mgupmj"
                    >
                      SMART CONTRACT
                    </p>
                  </div>
                </div>
                <hr
                  aria-orientation="horizontal"
                  class="chakra-divider css-zaaihy"
                  title="divider"
                />
              </div>
              <div
                class="css-0"
              >
                <div
                  class="css-3fqpsw"
                  data-testid="details-review-detail-15"
                >
                  <p
                    class="chakra-text css-9s6br4"
                  >
                    Wipe key
                  </p>
                  <div
                    class="chakra-stack css-1c8ysgd"
                  >
                    <p
                      class="chakra-text css-mgupmj"
                    >
                      SMART CONTRACT
                    </p>
                  </div>
                </div>
                <hr
                  aria-orientation="horizontal"
                  class="chakra-divider css-zaaihy"
                  title="divider"
                />
              </div>
              <div
                class="css-0"
              >
                <div
                  class="css-3fqpsw"
                  data-testid="details-review-detail-16"
                >
                  <p
                    class="chakra-text css-9s6br4"
                  >
                    Supply key
                  </p>
                  <div
                    class="chakra-stack css-1c8ysgd"
                  >
                    <p
                      class="chakra-text css-mgupmj"
                    >
                      SMART CONTRACT
                    </p>
                  </div>
                </div>
                <hr
                  aria-orientation="horizontal"
                  class="chakra-divider css-zaaihy"
                  title="divider"
                />
              </div>
              <div
                class="css-0"
              >
                <div
                  class="css-3fqpsw"
                  data-testid="details-review-detail-17"
                >
                  <p
                    class="chakra-text css-9s6br4"
                  >
                    Pause key
                  </p>
                  <div
                    class="chakra-stack css-1c8ysgd"
                  >
                    <p
                      class="chakra-text css-mgupmj"
                    >
                      SMART CONTRACT
                    </p>
                  </div>
                </div>
              </div>
            </div>
          </div>
        </div>
      </div>
    </div>
  </div>
  <span
    hidden=""
    id="__chakra_env"
  />
</DocumentFragment>
`;
