// Jest Snapshot v1, https://goo.gl/fbAQLP

exports[`<Router /> should render correctly 1`] = `
<DocumentFragment>
  <main>
    <div
      class="css-1amrwrf"
    >
      <div
        class="chakra-spinner css-djtcb6"
      >
        <span
          class="css-8b45rq"
        >
          Loading...
        </span>
      </div>
      <p
        class="chakra-text css-1sna1gh"
      >
        Searching for supported wallets
      </p>
    </div>
  </main>
  <span
    hidden=""
    id="__chakra_env"
  />
</DocumentFragment>
`;
