// Jest Snapshot v1, https://goo.gl/fbAQLP

exports[`<ImportedTokenInfo /> should render correctly 1`] = `
<DocumentFragment>
  <div
    class="chakra-stack css-1wbej9n"
  >
    <div
      class="chakra-stack css-9pdmz3"
    >
      <h2
        class="chakra-heading css-p7jgmy"
        data-testid="title"
      >
        Add token
      </h2>
      <form
        class="chakra-stack css-ahthbn"
      >
        <div
          class="chakra-stack css-1sqcbux"
        >
          <p
            class="chakra-text css-16srhgc"
          >
            Do you want to get the roles automatically? This operation will incur a cost
          </p>
        </div>
      </form>
    </div>
  </div>
  <span
    hidden=""
    id="__chakra_env"
  />
</DocumentFragment>
`;
