// Jest Snapshot v1, https://goo.gl/fbAQLP

exports[`<OperationLayout /> should render correctly 1`] = `
<DocumentFragment>
  <div
    class="chakra-stack css-16oka5y"
  >
    <h2
      class="chakra-heading css-llrpa2"
      data-testid="base-container-heading"
    >
      Operations
    </h2>
    <div
      class="css-1hkemoa"
      data-testid="base-container-children"
    >
      <div
        class="css-1us6gcn"
      >
        <div
          class="css-1r9sqqd"
        >
          <div
            class="chakra-stack css-n21gh5"
          >
            <span
              data-testid="left-content"
            />
          </div>
          <div
            class="chakra-stack css-eunu1i"
          >
            <div
              class="chakra-stack css-wqnj46"
            >
              <h2
                class="chakra-heading css-12c29ps"
                data-testid="details-title"
              >
                Stable coin details
              </h2>
              <div
                class="css-13brihr"
              >
                <p
                  class="chakra-text css-53sllx"
                  data-testid="details-review-title"
                >
                  Basic details
                </p>
                <div
                  class="css-0"
                >
                  <div
                    class="css-0"
                  >
                    <div
                      class="css-gg4vpm"
                      data-testid="details-review-detail-0"
                    >
                      <p
                        class="chakra-text css-rhg419"
                      >
                        Name
                      </p>
                      <p
                        class="chakra-text css-rhg419"
                      >
                        Example
                      </p>
                    </div>
                    <hr
                      aria-orientation="horizontal"
                      class="chakra-divider css-zaaihy"
                      title="divider"
                    />
                  </div>
                  <div
                    class="css-0"
                  >
                    <div
                      class="css-gg4vpm"
                      data-testid="details-review-detail-1"
                    >
                      <p
                        class="chakra-text css-rhg419"
                      >
                        Symbol
                      </p>
                      <p
                        class="chakra-text css-rhg419"
                      >
                        example
                      </p>
                    </div>
                    <hr
                      aria-orientation="horizontal"
                      class="chakra-divider css-zaaihy"
                      title="divider"
                    />
                  </div>
                  <div
                    class="css-0"
                  >
                    <div
                      class="css-gg4vpm"
                      data-testid="details-review-detail-2"
                    >
                      <p
                        class="chakra-text css-rhg419"
                      >
                        Decimals
                      </p>
                      <p
                        class="chakra-text css-rhg419"
                      >
                        6
                      </p>
                    </div>
                  </div>
                </div>
              </div>
              <div
                class="css-13brihr"
              >
                <p
                  class="chakra-text css-53sllx"
                  data-testid="details-review-title"
                >
                  Optional details
                </p>
                <div
                  class="css-0"
                >
                  <div
                    class="css-0"
                  >
                    <div
                      class="css-gg4vpm"
                      data-testid="details-review-detail-0"
                    >
                      <p
                        class="chakra-text css-rhg419"
                      >
                        Initial supply
                      </p>
                      <p
                        class="chakra-text css-rhg419"
                      >
                        20
                      </p>
                    </div>
                    <hr
                      aria-orientation="horizontal"
                      class="chakra-divider css-zaaihy"
                      title="divider"
                    />
                  </div>
                  <div
                    class="css-0"
                  >
                    <div
                      class="css-gg4vpm"
                      data-testid="details-review-detail-1"
                    >
                      <p
                        class="chakra-text css-rhg419"
                      >
                        Total supply
                      </p>
                      <p
                        class="chakra-text css-rhg419"
                      >
                        200
                      </p>
                    </div>
                    <hr
                      aria-orientation="horizontal"
                      class="chakra-divider css-zaaihy"
                      title="divider"
                    />
                  </div>
                  <div
                    class="css-0"
                  >
                    <div
                      class="css-gg4vpm"
                      data-testid="details-review-detail-2"
                    >
                      <p
                        class="chakra-text css-rhg419"
                      >
                        Supply type (infinite or finite)
                      </p>
                      <p
                        class="chakra-text css-rhg419"
                      >
                        infinite
                      </p>
                    </div>
                  </div>
                </div>
              </div>
            </div>
          </div>
        </div>
        <div
          class="css-3gu2fl"
        >
          <div
            class="chakra-stack css-1amf41o"
          >
            <button
              class="chakra-button css-6blmsx"
              data-testid="cancel-btn"
              type="button"
            >
              Go back
            </button>
            <button
              class="chakra-button css-16vubea"
              data-testid="confirm-btn"
              type="button"
            >
              Accept
            </button>
          </div>
        </div>
      </div>
    </div>
  </div>
  <span
    hidden=""
    id="__chakra_env"
  />
</DocumentFragment>
`;
