// Jest Snapshot v1, https://goo.gl/fbAQLP

exports[`<Login /> should render correctly 1`] = `
<DocumentFragment>
  <div
    class="css-1ioh5vy"
    data-testid="login_container"
  >
    <div
      class="css-1e9z5ru"
    >
      <img
        alt="Hedera logo"
        class="chakra-image css-6cymbs"
        data-testid="hedera-logo"
        src="hedera-hbar-logo.svg"
      />
      <p
        class="chakra-text css-q6jngl"
        data-testid="modal-hashpack-title"
      >
        Extensions are not installed yet
      </p>
      <p
        class="chakra-text css-zxkbt5"
        data-testid="modal-hashpack-description"
      >
        Click on the button bellow to download the extension
      </p>
      <div
        class="chakra-stack css-1lm32qo"
      >
        <a
          class="chakra-link css-1an9p0o"
          data-testid="modal-hashpack-link-hashpack"
          href="https://www.hashpack.app/download"
          rel="noopener"
          target="_blank"
        >
          <button
            class="chakra-button css-1yq4ghy"
            data-testid="modal-hashpack-button-hashpack"
            type="button"
          >
            <span
              class="chakra-button__icon css-1wh2kri"
            >
              <img
                aria-hidden="true"
                class="chakra-image css-1xkfsxs"
                focusable="false"
                src="hashpackLogo.png"
              />
            </span>
            <p
              class="chakra-text css-mgupmj"
            >
              Download Hashpack
            </p>
          </button>
        </a>
        <a
          class="chakra-link css-1an9p0o"
          data-testid="modal-hashpack-link-metamask"
          href="https://metamask.io/download/"
          rel="noopener"
          target="_blank"
        >
          <button
            class="chakra-button css-1yq4ghy"
            data-testid="modal-hashpack-button-metamask"
            type="button"
          >
            <span
              class="chakra-button__icon css-1wh2kri"
            >
              <img
                aria-hidden="true"
                class="chakra-image css-1xkfsxs"
                focusable="false"
                src="MetaMask_Fox.svg"
              />
            </span>
            <p
              class="chakra-text css-mgupmj"
            >
              Download Metamask
            </p>
          </button>
        </a>
      </div>
    </div>
  </div>
  <span
    hidden=""
    id="__chakra_env"
  />
</DocumentFragment>
`;
