// Jest Snapshot v1, https://goo.gl/fbAQLP

exports[`<Settings /> should render correctly 1`] = `
<DocumentFragment>
  <div
    class="chakra-stack css-19t9j1"
  >
    <h2
      class="chakra-heading css-bqsusc"
      data-testid="base-container-heading"
    >
      Settings
    </h2>
    <div
      class="css-1b6lda7"
      data-testid="base-container-children"
    >
      <div
        class="css-src872"
      >
        <h2
          class="chakra-heading css-qltjox"
          data-testid="subtitle"
        >
          Choose an option
        </h2>
        <div
          class="css-nxcc5s"
        />
      </div>
    </div>
  </div>
  <span
    hidden=""
    id="__chakra_env"
  />
</DocumentFragment>
`;
