// Jest Snapshot v1, https://goo.gl/fbAQLP

exports[`<StableCoinProof /> should render correctly 1`] = `
<DocumentFragment>
  <div
    class="chakra-stack css-16oka5y"
  >
    <h2
      class="chakra-heading css-bqsusc"
      data-testid="base-container-heading"
    >
      Proof of Reserve
    </h2>
    <div
      class="css-1b6lda7"
      data-testid="base-container-children"
    >
      <div
        class="css-1jib1v"
        data-testid="no-proof-of-reserve-container"
      >
        <div
          class="chakra-spinner css-n6xvdu"
          data-testid="awaiting-wallet-signature-logo"
        >
          <span
            class="css-8b45rq"
          >
            Loading...
          </span>
        </div>
        <p
          class="chakra-text css-e8j0ix"
          data-testid="no-proof-of-reserve-title"
        >
          Loading data
        </p>
      </div>
    </div>
  </div>
  <span
    hidden=""
    id="__chakra_env"
  />
</DocumentFragment>
`;
