// Jest Snapshot v1, https://goo.gl/fbAQLP

exports[`<InputLabel /> should render correctly 1`] = `
<DocumentFragment>
  <label
    class="chakra-form__label css-1hfoxt1"
  >
    <div
      class="chakra-stack css-1igwmid"
    >
      <p
        class="chakra-text css-mgupmj"
      >
        Label
      </p>
    </div>
  </label>
  <span
    hidden=""
    id="__chakra_env"
  />
</DocumentFragment>
`;
