// Jest Snapshot v1, https://goo.gl/fbAQLP

exports[`<ListOperationHold /> should render correctly 1`] = `
<DocumentFragment>
  <div
    class="chakra-stack css-16oka5y"
  >
    <h2
      class="chakra-heading css-bqsusc"
      data-testid="base-container-heading"
    >
      Operations
    </h2>
    <div
      class="css-1b6lda7"
      data-testid="base-container-children"
    >
      <div
        class="css-1us6gcn"
      >
        <div
          class="chakra-stack css-tap0v4"
        >
          <button
            class="chakra-button css-4mjrgu"
            data-testid="cancel-btn"
            type="button"
          >
            <svg
              class="chakra-icon css-6tzxjd"
              focusable="false"
              viewBox="0 0 24 24"
            >
              <path
                d="M15.41 7.41L14 6l-6 6 6 6 1.41-1.41L10.83 12z"
                fill="currentColor"
              />
            </svg>
          </button>
          <h2
            class="chakra-heading css-1wns1s3"
            data-testid="title"
          >
            List holds
          </h2>
        </div>
        <div
          class="chakra-stack css-b5leqj"
        >
          <div
            class="chakra-table__container css-64celf"
          >
            <table
              class="chakra-table css-5605sr"
            >
              <thead
                class="css-iqkxbt"
              >
                <tr
                  class="css-0"
                >
                  <th
                    class="css-1zts0j"
                  >
                    ID
                  </th>
                  <th
                    class="css-1zts0j"
                  >
                    Amount
                  </th>
                  <th
                    class="css-1zts0j"
                  >
                    Expiration date
                  </th>
                  <th
                    class="css-1zts0j"
                  >
                    Escrow address
                  </th>
                  <th
                    class="css-1zts0j"
                  >
                    Destination address
                  </th>
                </tr>
              </thead>
              <tbody
                class="css-0"
              >
                <tr
                  class="css-0"
                >
                  <td
                    class="css-xumdn4"
                  >
                    <div
                      class="chakra-skeleton css-1jum603"
                    />
                  </td>
                  <td
                    class="css-xumdn4"
                  >
                    <div
                      class="chakra-skeleton css-1jum603"
                    />
                  </td>
                  <td
                    class="css-xumdn4"
                  >
                    <div
                      class="chakra-skeleton css-1jum603"
                    />
                  </td>
                  <td
                    class="css-xumdn4"
                  >
                    <div
                      class="chakra-skeleton css-1jum603"
                    />
                  </td>
                  <td
                    class="css-xumdn4"
                  >
                    <div
                      class="chakra-skeleton css-1jum603"
                    />
                  </td>
                </tr>
                <tr
                  class="css-0"
                >
                  <td
                    class="css-xumdn4"
                  >
                    <div
                      class="chakra-skeleton css-1jum603"
                    />
                  </td>
                  <td
                    class="css-xumdn4"
                  >
                    <div
                      class="chakra-skeleton css-1jum603"
                    />
                  </td>
                  <td
                    class="css-xumdn4"
                  >
                    <div
                      class="chakra-skeleton css-1jum603"
                    />
                  </td>
                  <td
                    class="css-xumdn4"
                  >
                    <div
                      class="chakra-skeleton css-1jum603"
                    />
                  </td>
                  <td
                    class="css-xumdn4"
                  >
                    <div
                      class="chakra-skeleton css-1jum603"
                    />
                  </td>
                </tr>
                <tr
                  class="css-0"
                >
                  <td
                    class="css-xumdn4"
                  >
                    <div
                      class="chakra-skeleton css-1jum603"
                    />
                  </td>
                  <td
                    class="css-xumdn4"
                  >
                    <div
                      class="chakra-skeleton css-1jum603"
                    />
                  </td>
                  <td
                    class="css-xumdn4"
                  >
                    <div
                      class="chakra-skeleton css-1jum603"
                    />
                  </td>
                  <td
                    class="css-xumdn4"
                  >
                    <div
                      class="chakra-skeleton css-1jum603"
                    />
                  </td>
                  <td
                    class="css-xumdn4"
                  >
                    <div
                      class="chakra-skeleton css-1jum603"
                    />
                  </td>
                </tr>
              </tbody>
            </table>
          </div>
        </div>
      </div>
    </div>
  </div>
  <span
    hidden=""
    id="__chakra_env"
  />
</DocumentFragment>
`;
